error while interpolating services.backend.ports.[]: required variable BACKEND_HOST_ADDRESS is missing a value: 'BACKEND_HOST_ADDRESS is required'
